......F
================================== FAILURES ===================================
_______________________ test_max_stake_cap_is_reported ________________________

    def test_max_stake_cap_is_reported() -> None:
        settings = build_settings(
            amount=500.0,
            strategy="kelly",
            kelly_fraction=1.0,
            max_stake=25.0,
        )
        result = suggest_stake(0.7, 2.5, settings)
>       assert result["stake"] == 25.0
E       assert 15.0 == 25.0

tests\test_bankroll.py:42: AssertionError
=========================== short test summary info ===========================
FAILED tests/test_bankroll.py::test_max_stake_cap_is_reported - assert 15.0 =...
!!!!!!!!!!!!!!!!!!!!!!!!!! stopping after 1 failures !!!!!!!!!!!!!!!!!!!!!!!!!!
1 failed, 6 passed in 8.59s
